[foray-template.webflow.io/index.html]
[backblue.gif]
[fade.gif]
[index.html]
[assets.website-files.com/5db0fae6ca38713498151c5a/css/foray-template.webflow.f4e5de0b4.css]
[ajax.googleapis.com/ajax/libs/webfont/1.6.26/webfont.js]
[assets.website-files.com/5db0fae6ca38713498151c5a/5ddc911f4b38b7838465483d_favicon.png]
[assets.website-files.com/5db0fae6ca38713498151c5a/5ddc9123e0447d214075d867_favicon-256.png]
[foray-template.webflow.io/blocks/forms.html]
[foray-template.webflow.io/blocks/lists.html]
[foray-template.webflow.io/blocks/navigation-bars.html]
[assets.website-files.com/5db0fae6ca38713498151c5a/5ddc74b81df1834993156115_hero-block-1.jpg]
[assets.website-files.com/5db0fae6ca38713498151c5a/5ddc73624d72468420741ddb_hero-block-2.jpg]
[assets.website-files.com/5db0fae6ca38713498151c5a/5ddc7d1ee0447d413a7549bc_hero-block-3.jpg]
[foray-template.webflow.io/landings/landing-1.html]
[assets.website-files.com/5db0fae6ca38713498151c5a/5ddcacaa4b38b79593662b9a_landing-1.jpg]
[foray-template.webflow.io/landings/landing-2.html]
[assets.website-files.com/5db0fae6ca38713498151c5a/5ddcacaa4b38b77574662b9b_landing-2.jpg]
[foray-template.webflow.io/landings/landing-3.html]
[assets.website-files.com/5db0fae6ca38713498151c5a/5ddcacaae0447d7883767371_landing-3.jpg]
[assets.website-files.com/5db0fae6ca38713498151c5a/5ddcacaa72abe378613f6fc8_landing-4.jpg]
[foray-template.webflow.io/company/about-us-1.html]
[assets.website-files.com/5db0fae6ca38713498151c5a/5ddf10b5751bb1a4b6bf60e6_about-us-1.jpg]
[foray-template.webflow.io/company/about-us-2.html]
[assets.website-files.com/5db0fae6ca38713498151c5a/5de05d903719a15174d2253d_about-us-2.jpg]
[foray-template.webflow.io/company/services.html]
[assets.website-files.com/5db0fae6ca38713498151c5a/5ddf10b53574183c33bbebcb_services.jpg]
[foray-template.webflow.io/company/careers.html]
[assets.website-files.com/5db0fae6ca38713498151c5a/5ddf10b5a73badb04f55f836_careers.jpg]
[assets.website-files.com/5db0fae6ca38713498151c5a/5ddf10b5751bb1edb4bf60e7_contact-1.jpg]
[foray-template.webflow.io/company/contact-2.html]
[assets.website-files.com/5db0fae6ca38713498151c5a/5ddf10b63dc8f2b98783381e_contact-2.jpg]
[foray-template.webflow.io/portfolio/case-studies-1.html]
[assets.website-files.com/5db0fae6ca38713498151c5a/5ddf10b528a7475aa5722c30_case-studies-1.jpg]
[foray-template.webflow.io/portfolio/case-studies-2.html]
[assets.website-files.com/5db0fae6ca38713498151c5a/5ddf10b53574189767bbebca_case-studies-2.jpg]
[foray-template.webflow.io/project/candid.html]
[assets.website-files.com/5db0fae6ca38713498151c5a/5ddf10b528a74744e2722c31_case-study.jpg]
[foray-template.webflow.io/blog/blog.html]
[assets.website-files.com/5db0fae6ca38713498151c5a/5ddf10b528a7474e2e722c2d_blog-1.jpg]
[foray-template.webflow.io/blog/blog-2.html]
[assets.website-files.com/5db0fae6ca38713498151c5a/5ddf10b53574182e09bbebc9_blog-2.jpg]
[foray-template.webflow.io/post/how-to-form-better-work-life-balance-habits.html]
[assets.website-files.com/5db0fae6ca38713498151c5a/5ddf10b5a73bad2db255f835_blog-single.jpg]
[d3e54v103j8qbb.cloudfront.net/js/jquery-3.4.1.min.220afd743d.js]
[foray-template.webflow.io/index.html]
[assets.website-files.com/5db0fae6ca38713498151c5a/js/webflow.86c0433f6.js]
[assets.website-files.com/5db0fae6ca38713498151c5a/5dd5b6fac43f1c566519b74b_rectangle-large-2.jpg]
[assets.website-files.com/5db0fae6ca38713498151c5a/5dd5b4dbc43f1c0171199dfa_rectangle-large-1.jpg]
[assets.website-files.com/5db0fae6ca38713498151c5a/css/foray-template.webflow.f4e5de0b4.css]
[assets.website-files.com/5db0fae6ca38713498151c5a/5dd49705547220878b75a2e9_tall-08.jpg]
[assets.website-files.com/5db0fae6ca38713498151c5a/5dd491889fa9b10bf369c376_square-large-07.jpg]
[foray-template.webflow.io/blocks/forms.html]
[assets.website-files.com/5db0fae6ca38713498151c5a/5dd491885472203a2b758314_square-large-01.jpg]
[assets.website-files.com/5db0fae6ca38713498151c5a/5ddca985ab100852fc0ae08f_square-large-11.jpg]
[assets.website-files.com/5db0fae6ca38713498151c5a/5dd49705608e495841313c54_tall-01.jpg]
[foray-template.webflow.io/careers/data-scientist.html]
[foray-template.webflow.io/careers/account-manager.html]
[foray-template.webflow.io/careers/customer-acquisition.html]
[foray-template.webflow.io/careers/ux-specialist.html]
[foray-template.webflow.io/careers/customer-support.html]
[assets.website-files.com/5db0fae6ca38713498151c5a/5dd49188608e498e3b310016_square-large-06.jpg]
[assets.website-files.com/5db0fae6ca38713498151c5a/5dd491915472202504758470_square-small-01.jpg]
[foray-template.webflow.io/blocks/lists.html]
[foray-template.webflow.io/blocks/navigation-bars.html]
[assets.website-files.com/5db0fae6ca38713498151c5a/5dd49191547220356d75846f_square-small-03.jpg]
[assets.website-files.com/5db0fae6ca38713498151c5a/5dd4917e608e49db80310002_rectangle-01.jpg]
[assets.website-files.com/5db0fae6ca38713498151c5a/5dd4917e9fa9b1e94769c31d_rectangle-03.jpg]
[assets.website-files.com/5db0fae6ca38713498151c5a/5dd4917e79b5fa6fe0af358b_rectangle-02.jpg]
[foray-template.webflow.io/landings/landing-1.html]
[assets.website-files.com/5db0fae6ca38713498151c5a/5dd4918979b5fa4b47af375b_square-large-09.jpg]
[assets.website-files.com/5db0fae6ca38713498151c5a/5dd4918879b5fa9e2aaf3755_square-large-04.jpg]
[assets.website-files.com/5db0fae6ca38713498151c5a/5dd4919179b5fa2c5faf376e_square-small-04.jpg]
[assets.website-files.com/5db0fae6ca38713498151c5a/5dd491929fa9b120df69c3dd_square-small-02.jpg]
[foray-template.webflow.io/landings/landing-2.html]
[assets.website-files.com/5db0fae6ca38713498151c5a/5dd49188b1461d42d1e61a86_square-large-02.jpg]
[assets.website-files.com/5db0fae6ca38713498151c5a/5dd4918979b5fa0269af375a_square-large-08.jpg]
[foray-template.webflow.io/post/navigating-compliance-pitfalls-in-the-digital-age.html]
[assets.website-files.com/5dd5e64fccc7086b7f528c00/5dd620bfbfa29032dbc6dd78_blog-01.jpg]
[foray-template.webflow.io/post/foray-welcome-a-new-member-of-the-team.html]
[assets.website-files.com/5dd5e64fccc7086b7f528c00/5dd6186f01833c4ceeac9e60_blog-03.jpg]
[foray-template.webflow.io/blog-categories/news.html]
[assets.website-files.com/5dd5e64fccc7086b7f528c00/5dd61ee101833ca97bacc47d_blog-10.jpg]
[foray-template.webflow.io/landings/landing-3.html]
[foray-template.webflow.io/blog-categories/lifestyle.html]
[assets.website-files.com/5db0fae6ca38713498151c5a/5dd49188608e497fd9310015_square-large-03.jpg]
[foray-template.webflow.io/company/about-us-1.html]
[foray-template.webflow.io/company/about-us-2.html]
[foray-template.webflow.io/company/services.html]
[foray-template.webflow.io/company/careers.html]
[foray-template.webflow.io/company/contact-2.html]
[foray-template.webflow.io/company/contact-1.html]
[foray-template.webflow.io/project/national-geographic.html]
[assets.website-files.com/5dd5e64fccc7086b7f528c00/5ddb2ab656a2d682e55c2f55_work-4.jpg]
[foray-template.webflow.io/project/lumin-cosmetics.html]
[assets.website-files.com/5dd5e64fccc7086b7f528c00/5ddb29a005da584fa9a54c42_work-2.jpg]
[foray-template.webflow.io/project/specsavers.html]
[assets.website-files.com/5dd5e64fccc7086b7f528c00/5ddb286f56a2d6a9ed5c28ae_work-3.jpg]
[assets.website-files.com/5dd5e64fccc7086b7f528c00/5ddb2085578bab2a942816c9_work-1.jpg]
[foray-template.webflow.io/portfolio/case-studies-1.html]
[foray-template.webflow.io/portfolio/case-studies-2.html]
[assets.website-files.com/5dd5e64fccc7086b7f528c00/5ddb27bf56a2d69b0b5c26ed_work-article-1.jpg]
[assets.website-files.com/5dd5e64fccc7086b7f528c00/5dd6189b01833cb091acad0f_blog-04.jpg]
[foray-template.webflow.io/project/candid.html]
[foray-template.webflow.io/post/foray-featured-in-workplace-magazine.html]
[assets.website-files.com/5dd5e64fccc7086b7f528c00/5dd602c95c50d7d2f6108966_blog-09.jpg]
[assets.website-files.com/5dd5e64fccc7086b7f528c00/5dd5fc72ccc7085ecd531512_blog-02.jpg]
[foray-template.webflow.io/post/taking-spiritual-cues-from-the-rugged-californian-coastline.html]
[assets.website-files.com/5dd5e64fccc7086b7f528c00/5dd5fc86b06ce819bae354d1_blog-06.jpg]
[foray-template.webflow.io/blog/blog.html]
[foray-template.webflow.io/blog/blog-2.html]
[foray-template.webflow.io/author/ben-pearce.html]
[assets.website-files.com/5dd5e64fccc7086b7f528c00/5dd5ea4ab06ce80dc8e2cb6f_avatar-1.jpg]
[foray-template.webflow.io/post/how-to-form-better-work-life-balance-habits.html]
[foray-template.webflow.io/careers/data-scientist.html]
[foray-template.webflow.io/careers/account-manager.html]
[foray-template.webflow.io/careers/customer-acquisition.html]
[foray-template.webflow.io/careers/ux-specialist.html]
[foray-template.webflow.io/careers/customer-support.html]
[foray-template.webflow.io/author/jennifer-matou.html]
[assets.website-files.com/5dd5e64fccc7086b7f528c00/5dd5ea96b06ce8ecc0e2cc02_avatar-2.jpg]
[foray-template.webflow.io/post/navigating-compliance-pitfalls-in-the-digital-age.html]
[foray-template.webflow.io/post/foray-welcome-a-new-member-of-the-team.html]
[foray-template.webflow.io/blog-categories/news.html]
[foray-template.webflow.io/blog-categories/lifestyle.html]
[foray-template.webflow.io/company/contact-1.html]
[foray-template.webflow.io/project/national-geographic.html]
[foray-template.webflow.io/project/lumin-cosmetics.html]
[foray-template.webflow.io/project/specsavers.html]
[foray-template.webflow.io/post/foray-featured-in-workplace-magazine.html]
[foray-template.webflow.io/post/taking-spiritual-cues-from-the-rugged-californian-coastline.html]
[foray-template.webflow.io/author/ben-pearce.html]
[foray-template.webflow.io/blocks/cta.html]
[foray-template.webflow.io/blocks/footers.html]
[foray-template.webflow.io/blocks/gallery.html]
[foray-template.webflow.io/blocks/heros.html]
[foray-template.webflow.io/blocks/metrics.html]
[foray-template.webflow.io/blocks/quotes.html]
[foray-template.webflow.io/blocks/tabs.html]
[foray-template.webflow.io/blocks/text.html]
[foray-template.webflow.io/blocks/icons.html]
[foray-template.webflow.io/blocks/videos.html]
[foray-template.webflow.io/template/style-guide.html]
[foray-template.webflow.io/template/licensing.html]
[foray-template.webflow.io/template/getting-started.html]
[foray-template.webflow.io/template/changelog.html]
[foray-template.webflow.io/author/jennifer-matou.html]
[foray-template.webflow.io/landings/landing-4.html]
[foray-template.webflow.io/company/privacy-policy.html]
[foray-template.webflow.io/blog-categories/business.html]
[foray-template.webflow.io/post/fostering-a-kinder-workplace-culture.html]
